current directory: /Users/briannawimer/Desktop/website/briannawimer/vendor/bundle/ruby/3.3.0/gems/bigdecimal-4.0.1/ext/bigdecimal
/Users/briannawimer/.rbenv/versions/3.3.6/bin/ruby extconf.rb
checking for __builtin_clz()... yes
checking for __builtin_clzl()... yes
checking for __builtin_clzll()... yes
checking for float.h... yes
checking for math.h... yes
checking for stdbool.h... yes
checking for stdlib.h... yes
checking for x86intrin.h... no
checking for intrin.h... no
checking for ruby/atomic.h... yes
checking for ruby/internal/has/builtin.h... yes
checking for ruby/internal/static_assert.h... yes
checking for rb_complex_real() in ruby.h... yes
checking for rb_complex_imag() in ruby.h... yes
checking for rb_opts_exception_p() in ruby.h... yes
checking for rb_category_warn() in ruby.h... yes
checking for RB_WARN_CATEGORY_DEPRECATED in ruby.h... yes
creating Makefile

current directory: /Users/briannawimer/Desktop/website/briannawimer/vendor/bundle/ruby/3.3.0/gems/bigdecimal-4.0.1/ext/bigdecimal
make DESTDIR\= sitearchdir\=./.gem.20260127-28150-tcd4pz sitelibdir\=./.gem.20260127-28150-tcd4pz clean

current directory: /Users/briannawimer/Desktop/website/briannawimer/vendor/bundle/ruby/3.3.0/gems/bigdecimal-4.0.1/ext/bigdecimal
make DESTDIR\= sitearchdir\=./.gem.20260127-28150-tcd4pz sitelibdir\=./.gem.20260127-28150-tcd4pz
compiling bigdecimal.c
compiling missing.c
linking shared-object bigdecimal.bundle

current directory: /Users/briannawimer/Desktop/website/briannawimer/vendor/bundle/ruby/3.3.0/gems/bigdecimal-4.0.1/ext/bigdecimal
make DESTDIR\= sitearchdir\=./.gem.20260127-28150-tcd4pz sitelibdir\=./.gem.20260127-28150-tcd4pz install
/usr/bin/install -c -m 0755 bigdecimal.bundle ./.gem.20260127-28150-tcd4pz

current directory: /Users/briannawimer/Desktop/website/briannawimer/vendor/bundle/ruby/3.3.0/gems/bigdecimal-4.0.1/ext/bigdecimal
make DESTDIR\= sitearchdir\=./.gem.20260127-28150-tcd4pz sitelibdir\=./.gem.20260127-28150-tcd4pz clean
