current directory: /Users/briannawimer/Desktop/website/briannawimer/vendor/bundle/ruby/3.3.0/gems/json-2.18.0/ext/json/ext/parser
/Users/briannawimer/.rbenv/versions/3.3.6/bin/ruby extconf.rb
checking for rb_enc_interned_str() in ruby/encoding.h... yes
checking for rb_str_to_interned_str() in ruby.h... yes
checking for rb_hash_new_capa() in ruby.h... yes
checking for rb_hash_bulk_insert() in ruby.h... yes
checking for whether -std=c99 is accepted as CFLAGS... yes
checking for arm_neon.h... yes
checking for cpuid.h... no
creating Makefile

current directory: /Users/briannawimer/Desktop/website/briannawimer/vendor/bundle/ruby/3.3.0/gems/json-2.18.0/ext/json/ext/parser
make DESTDIR\= sitearchdir\=./.gem.20260127-28150-5j7y8y sitelibdir\=./.gem.20260127-28150-5j7y8y clean

current directory: /Users/briannawimer/Desktop/website/briannawimer/vendor/bundle/ruby/3.3.0/gems/json-2.18.0/ext/json/ext/parser
make DESTDIR\= sitearchdir\=./.gem.20260127-28150-5j7y8y sitelibdir\=./.gem.20260127-28150-5j7y8y
compiling parser.c
linking shared-object json/ext/parser.bundle

current directory: /Users/briannawimer/Desktop/website/briannawimer/vendor/bundle/ruby/3.3.0/gems/json-2.18.0/ext/json/ext/parser
make DESTDIR\= sitearchdir\=./.gem.20260127-28150-5j7y8y sitelibdir\=./.gem.20260127-28150-5j7y8y install
/usr/bin/install -c -m 0755 parser.bundle ./.gem.20260127-28150-5j7y8y/json/ext

current directory: /Users/briannawimer/Desktop/website/briannawimer/vendor/bundle/ruby/3.3.0/gems/json-2.18.0/ext/json/ext/parser
make DESTDIR\= sitearchdir\=./.gem.20260127-28150-5j7y8y sitelibdir\=./.gem.20260127-28150-5j7y8y clean
