current directory: /Users/briannawimer/Desktop/website/briannawimer/vendor/bundle/ruby/3.3.0/gems/prism-1.8.0/ext/prism
/Users/briannawimer/.rbenv/versions/3.3.6/bin/ruby extconf.rb
checking for prism.h in /Users/briannawimer/Desktop/website/briannawimer/vendor/bundle/ruby/3.3.0/gems/prism-1.8.0/include... yes
checking for prism/extension.h in /Users/briannawimer/Desktop/website/briannawimer/vendor/bundle/ruby/3.3.0/gems/prism-1.8.0/ext... yes
checking for whether -fvisibility=hidden is accepted as CFLAGS... yes
creating Makefile

current directory: /Users/briannawimer/Desktop/website/briannawimer/vendor/bundle/ruby/3.3.0/gems/prism-1.8.0/ext/prism
make DESTDIR\= sitearchdir\=./.gem.20260127-28150-xyj7pj sitelibdir\=./.gem.20260127-28150-xyj7pj clean

current directory: /Users/briannawimer/Desktop/website/briannawimer/vendor/bundle/ruby/3.3.0/gems/prism-1.8.0/ext/prism
make DESTDIR\= sitearchdir\=./.gem.20260127-28150-xyj7pj sitelibdir\=./.gem.20260127-28150-xyj7pj
compiling api_node.c
compiling api_pack.c
compiling extension.c
compiling ./../../src/diagnostic.c
compiling ./../../src/encoding.c
compiling ./../../src/node.c
compiling ./../../src/options.c
compiling ./../../src/pack.c
compiling ./../../src/prettyprint.c
compiling ./../../src/prism.c
compiling ./../../src/regexp.c
compiling ./../../src/serialize.c
compiling ./../../src/static_literals.c
compiling ./../../src/token_type.c
compiling ./../../src/util/pm_buffer.c
compiling ./../../src/util/pm_char.c
compiling ./../../src/util/pm_constant_pool.c
compiling ./../../src/util/pm_integer.c
compiling ./../../src/util/pm_list.c
compiling ./../../src/util/pm_memchr.c
compiling ./../../src/util/pm_newline_list.c
compiling ./../../src/util/pm_string.c
compiling ./../../src/util/pm_strncasecmp.c
compiling ./../../src/util/pm_strpbrk.c
linking shared-object prism/prism.bundle

current directory: /Users/briannawimer/Desktop/website/briannawimer/vendor/bundle/ruby/3.3.0/gems/prism-1.8.0/ext/prism
make DESTDIR\= sitearchdir\=./.gem.20260127-28150-xyj7pj sitelibdir\=./.gem.20260127-28150-xyj7pj install
/usr/bin/install -c -m 0755 prism.bundle ./.gem.20260127-28150-xyj7pj/prism

current directory: /Users/briannawimer/Desktop/website/briannawimer/vendor/bundle/ruby/3.3.0/gems/prism-1.8.0/ext/prism
make DESTDIR\= sitearchdir\=./.gem.20260127-28150-xyj7pj sitelibdir\=./.gem.20260127-28150-xyj7pj clean
